pytest : Traceback (most recent call last):
At line:1 char:1
+ pytest > pytest_output.txt 2>&1
+ ~~~~~~~~~~~~~~~~~~~~~~~~~~~~~~~
    + CategoryInfo          : NotSpecified: (Traceback (most recent c 
   all last)::String) [], RemoteException
    + FullyQualifiedErrorId : NativeCommandError
 
  File "C:\Users\siddh\AppData\Roaming\Python\Python312\site-packages\
_pytest\main.py", line 283, in wrap_session
    session.exitstatus = doit(config, session) or 0
                         ^^^^^^^^^^^^^^^^^^^^^
  File "C:\Users\siddh\AppData\Roaming\Python\Python312\site-packages\
_pytest\main.py", line 336, in _main
    config.hook.pytest_collection(session=session)
  File "C:\Users\siddh\AppData\Roaming\Python\Python312\site-packages\
pluggy\_hooks.py", line 513, in __call__
    return self._hookexec(self.name, self._hookimpls.copy(), kwargs, 
firstresult)
           
^^^^^^^^^^^^^^^^^^^^^^^^^^^^^^^^^^^^^^^^^^^^^^^^^^^^^^^^^^^^^^^^^^^^^^
  File "C:\Users\siddh\AppData\Roaming\Python\Python312\site-packages\
pluggy\_manager.py", line 120, in _hookexec
    return self._inner_hookexec(hook_name, methods, kwargs, 
firstresult)
           
^^^^^^^^^^^^^^^^^^^^^^^^^^^^^^^^^^^^^^^^^^^^^^^^^^^^^^^^^^^^^
  File "C:\Users\siddh\AppData\Roaming\Python\Python312\site-packages\
pluggy\_callers.py", line 139, in _multicall
    raise exception.with_traceback(exception.__traceback__)
  File "C:\Users\siddh\AppData\Roaming\Python\Python312\site-packages\
pluggy\_callers.py", line 122, in _multicall
    teardown.throw(exception)  # type: ignore[union-attr]
    ^^^^^^^^^^^^^^^^^^^^^^^^^
  File "C:\Users\siddh\AppData\Roaming\Python\Python312\site-packages\
_pytest\logging.py", line 790, in pytest_collection
    return (yield)
            ^^^^^
  File "C:\Users\siddh\AppData\Roaming\Python\Python312\site-packages\
pluggy\_callers.py", line 122, in _multicall
    teardown.throw(exception)  # type: ignore[union-attr]
    ^^^^^^^^^^^^^^^^^^^^^^^^^
  File "C:\Users\siddh\AppData\Roaming\Python\Python312\site-packages\
_pytest\warnings.py", line 121, in pytest_collection
    return (yield)
            ^^^^^
  File "C:\Users\siddh\AppData\Roaming\Python\Python312\site-packages\
pluggy\_callers.py", line 122, in _multicall
    teardown.throw(exception)  # type: ignore[union-attr]
    ^^^^^^^^^^^^^^^^^^^^^^^^^
  File "C:\Users\siddh\AppData\Roaming\Python\Python312\site-packages\
_pytest\config\__init__.py", line 1417, in pytest_collection
    return (yield)
            ^^^^^
  File "C:\Users\siddh\AppData\Roaming\Python\Python312\site-packages\
pluggy\_callers.py", line 103, in _multicall
    res = hook_impl.function(*args)
          ^^^^^^^^^^^^^^^^^^^^^^^^^
  File "C:\Users\siddh\AppData\Roaming\Python\Python312\site-packages\
_pytest\main.py", line 347, in pytest_collection
    session.perform_collect()
  File "C:\Users\siddh\AppData\Roaming\Python\Python312\site-packages\
_pytest\main.py", line 809, in perform_collect
    self.items.extend(self.genitems(node))
  File "C:\Users\siddh\AppData\Roaming\Python\Python312\site-packages\
_pytest\main.py", line 975, in genitems
    yield from self.genitems(subnode)
  File "C:\Users\siddh\AppData\Roaming\Python\Python312\site-packages\
_pytest\main.py", line 975, in genitems
    yield from self.genitems(subnode)
  File "C:\Users\siddh\AppData\Roaming\Python\Python312\site-packages\
_pytest\main.py", line 975, in genitems
    yield from self.genitems(subnode)
  File "C:\Users\siddh\AppData\Roaming\Python\Python312\site-packages\
_pytest\main.py", line 970, in genitems
    rep, duplicate = self._collect_one_node(node, handle_dupes)
                     ^^^^^^^^^^^^^^^^^^^^^^^^^^^^^^^^^^^^^^^^^^
  File "C:\Users\siddh\AppData\Roaming\Python\Python312\site-packages\
_pytest\main.py", line 835, in _collect_one_node
    rep = collect_one_node(node)
          ^^^^^^^^^^^^^^^^^^^^^^
  File "C:\Users\siddh\AppData\Roaming\Python\Python312\site-packages\
_pytest\runner.py", line 567, in collect_one_node
    rep: CollectReport = 
ihook.pytest_make_collect_report(collector=collector)
                         
^^^^^^^^^^^^^^^^^^^^^^^^^^^^^^^^^^^^^^^^^^^^^^^^^^^^^
  File "C:\Users\siddh\AppData\Roaming\Python\Python312\site-packages\
pluggy\_hooks.py", line 513, in __call__
    return self._hookexec(self.name, self._hookimpls.copy(), kwargs, 
firstresult)
           
^^^^^^^^^^^^^^^^^^^^^^^^^^^^^^^^^^^^^^^^^^^^^^^^^^^^^^^^^^^^^^^^^^^^^^
  File "C:\Users\siddh\AppData\Roaming\Python\Python312\site-packages\
pluggy\_manager.py", line 120, in _hookexec
    return self._inner_hookexec(hook_name, methods, kwargs, 
firstresult)
           
^^^^^^^^^^^^^^^^^^^^^^^^^^^^^^^^^^^^^^^^^^^^^^^^^^^^^^^^^^^^^
  File "C:\Users\siddh\AppData\Roaming\Python\Python312\site-packages\
pluggy\_callers.py", line 139, in _multicall
    raise exception.with_traceback(exception.__traceback__)
  File "C:\Users\siddh\AppData\Roaming\Python\Python312\site-packages\
pluggy\_callers.py", line 124, in _multicall
    teardown.send(result)  # type: ignore[union-attr]
    ^^^^^^^^^^^^^^^^^^^^^
  File "C:\Users\siddh\AppData\Roaming\Python\Python312\site-packages\
_pytest\capture.py", line 863, in pytest_make_collect_report
    out, err = self.read_global_capture()
               ^^^^^^^^^^^^^^^^^^^^^^^^^^
  File "C:\Users\siddh\AppData\Roaming\Python\Python312\site-packages\
_pytest\capture.py", line 783, in read_global_capture
    return self._global_capturing.readouterr()
           ^^^^^^^^^^^^^^^^^^^^^^^^^^^^^^^^^^^
  File "C:\Users\siddh\AppData\Roaming\Python\Python312\site-packages\
_pytest\capture.py", line 686, in readouterr
    out = self.out.snap() if self.out else ""
          ^^^^^^^^^^^^^^^
  File "C:\Users\siddh\AppData\Roaming\Python\Python312\site-packages\
_pytest\capture.py", line 571, in snap
    self.tmpfile.seek(0)
ValueError: I/O operation on closed file.

During handling of the above exception, another exception occurred:

Traceback (most recent call last):
  File "C:\Users\siddh\AppData\Roaming\Python\Python312\site-packages\
_pytest\main.py", line 303, in wrap_session
    config.notify_exception(excinfo, config.option)
  File "C:\Users\siddh\AppData\Roaming\Python\Python312\site-packages\
_pytest\config\__init__.py", line 1173, in notify_exception
    res = self.hook.pytest_internalerror(excrepr=excrepr, 
excinfo=excinfo)
          
^^^^^^^^^^^^^^^^^^^^^^^^^^^^^^^^^^^^^^^^^^^^^^^^^^^^^^^^^^^^^^^^
  File "C:\Users\siddh\AppData\Roaming\Python\Python312\site-packages\
pluggy\_hooks.py", line 513, in __call__
    return self._hookexec(self.name, self._hookimpls.copy(), kwargs, 
firstresult)
           
^^^^^^^^^^^^^^^^^^^^^^^^^^^^^^^^^^^^^^^^^^^^^^^^^^^^^^^^^^^^^^^^^^^^^^
  File "C:\Users\siddh\AppData\Roaming\Python\Python312\site-packages\
pluggy\_manager.py", line 120, in _hookexec
    return self._inner_hookexec(hook_name, methods, kwargs, 
firstresult)
           
^^^^^^^^^^^^^^^^^^^^^^^^^^^^^^^^^^^^^^^^^^^^^^^^^^^^^^^^^^^^^
  File "C:\Users\siddh\AppData\Roaming\Python\Python312\site-packages\
pluggy\_callers.py", line 139, in _multicall
    raise exception.with_traceback(exception.__traceback__)
  File "C:\Users\siddh\AppData\Roaming\Python\Python312\site-packages\
pluggy\_callers.py", line 103, in _multicall
    res = hook_impl.function(*args)
          ^^^^^^^^^^^^^^^^^^^^^^^^^
  File "C:\Users\siddh\AppData\Roaming\Python\Python312\site-packages\
_pytest\capture.py", line 893, in pytest_internalerror
    self.stop_global_capturing()
  File "C:\Users\siddh\AppData\Roaming\Python\Python312\site-packages\
_pytest\capture.py", line 758, in stop_global_capturing
    self._global_capturing.pop_outerr_to_orig()
  File "C:\Users\siddh\AppData\Roaming\Python\Python312\site-packages\
_pytest\capture.py", line 639, in pop_outerr_to_orig
    out, err = self.readouterr()
               ^^^^^^^^^^^^^^^^^
  File "C:\Users\siddh\AppData\Roaming\Python\Python312\site-packages\
_pytest\capture.py", line 686, in readouterr
    out = self.out.snap() if self.out else ""
          ^^^^^^^^^^^^^^^
  File "C:\Users\siddh\AppData\Roaming\Python\Python312\site-packages\
_pytest\capture.py", line 571, in snap
    self.tmpfile.seek(0)
ValueError: I/O operation on closed file.

During handling of the above exception, another exception occurred:

Traceback (most recent call last):
  File "<frozen runpy>", line 198, in _run_module_as_main
  File "<frozen runpy>", line 88, in _run_code
  File "C:\Users\siddh\AppData\Roaming\Python\Python312\Scripts\pytest
.exe\__main__.py", line 7, in <module>
  File "C:\Users\siddh\AppData\Roaming\Python\Python312\site-packages\
_pytest\config\__init__.py", line 201, in console_main
    code = main()
           ^^^^^^
  File "C:\Users\siddh\AppData\Roaming\Python\Python312\site-packages\
_pytest\config\__init__.py", line 175, in main
    ret: ExitCode | int = 
config.hook.pytest_cmdline_main(config=config)
                          
^^^^^^^^^^^^^^^^^^^^^^^^^^^^^^^^^^^^^^^^^^^^^^
  File "C:\Users\siddh\AppData\Roaming\Python\Python312\site-packages\
pluggy\_hooks.py", line 513, in __call__
    return self._hookexec(self.name, self._hookimpls.copy(), kwargs, 
firstresult)
           
^^^^^^^^^^^^^^^^^^^^^^^^^^^^^^^^^^^^^^^^^^^^^^^^^^^^^^^^^^^^^^^^^^^^^^
  File "C:\Users\siddh\AppData\Roaming\Python\Python312\site-packages\
pluggy\_manager.py", line 120, in _hookexec
    return self._inner_hookexec(hook_name, methods, kwargs, 
firstresult)
           
^^^^^^^^^^^^^^^^^^^^^^^^^^^^^^^^^^^^^^^^^^^^^^^^^^^^^^^^^^^^^
  File "C:\Users\siddh\AppData\Roaming\Python\Python312\site-packages\
pluggy\_callers.py", line 139, in _multicall
============================= test session starts =============================
platform win32 -- Python 3.12.6, pytest-8.3.4, pluggy-1.5.0
rootdir: C:\Users\siddh\Desktop\Projects\File-Search-Engine-1
plugins: anyio-4.8.0, langsmith-0.5.0, docker-3.1.1

[PROGRESS] Collected 0 tests.
collected 0 items

[PROGRESS] Total Tests: 0

[PROGRESS] Collected 0 tests.

============================ no tests ran in 0.03s ============================
    raise exception.with_traceback(exception.__traceback__)
  File "C:\Users\siddh\AppData\Roaming\Python\Python312\site-packages\
pluggy\_callers.py", line 103, in _multicall
    res = hook_impl.function(*args)
          ^^^^^^^^^^^^^^^^^^^^^^^^^
  File "C:\Users\siddh\AppData\Roaming\Python\Python312\site-packages\
_pytest\main.py", line 330, in pytest_cmdline_main
    return wrap_session(config, _main)
           ^^^^^^^^^^^^^^^^^^^^^^^^^^^
  File "C:\Users\siddh\AppData\Roaming\Python\Python312\site-packages\
_pytest\main.py", line 325, in wrap_session
    config._ensure_unconfigure()
  File "C:\Users\siddh\AppData\Roaming\Python\Python312\site-packages\
_pytest\config\__init__.py", line 1127, in _ensure_unconfigure
    fin()
  File "C:\Users\siddh\AppData\Roaming\Python\Python312\site-packages\
_pytest\capture.py", line 758, in stop_global_capturing
    self._global_capturing.pop_outerr_to_orig()
  File "C:\Users\siddh\AppData\Roaming\Python\Python312\site-packages\
_pytest\capture.py", line 639, in pop_outerr_to_orig
    out, err = self.readouterr()
               ^^^^^^^^^^^^^^^^^
  File "C:\Users\siddh\AppData\Roaming\Python\Python312\site-packages\
_pytest\capture.py", line 686, in readouterr
    out = self.out.snap() if self.out else ""
          ^^^^^^^^^^^^^^^
  File "C:\Users\siddh\AppData\Roaming\Python\Python312\site-packages\
_pytest\capture.py", line 571, in snap
    self.tmpfile.seek(0)
ValueError: I/O operation on closed file.
